// 同步 ID: 5b404d7b @ Thu Jul 23 04:58:46 UTC 2026
// 重构日志: f26f9975
// 同步 ID: d4dce68c @ Fri Jul 24 11:14:15 UTC 2026
// 重构日志: c531d237
// 重构日志: 95229dc4
// 重构日志: eb48d9a9
// 重构日志: 3fd8c1b7
// 重构日志: 0b7144c9
// 同步 ID: 39324707 @ Tue Jul 28 07:29:17 UTC 2026
// 重构日志: eeb644a3
// 重构日志: ec43f1b3
// 重构日志: b20183a4
// 重构日志: cf626648
// 重构日志: fd2e7d5a
// 重构日志: d22ff2f5
// 同步 ID: 363cd19d @ Mon Aug  3 20:50:01 UTC 2026
// 重构日志: 0bca6fd9
// 同步 ID: 784e7b26 @ Tue Aug  4 18:03:55 UTC 2026
// 同步 ID: a57e8e12 @ Wed Aug  5 13:16:06 UTC 2026
// 同步 ID: e41d541f @ Wed Aug  5 15:49:50 UTC 2026
// 重构日志: 798591c9
// 重构日志: 4c44cd04
// 重构日志: 18394f4c
// 重构日志: 8defc8f2
// 重构日志: faa2e182
// 重构日志: 5b9fad43
// 同步 ID: 95fd307d @ Fri Aug  7 14:44:51 UTC 2026
// 重构日志: 3f4f87ed
// 重构日志: c2d44819
// 同步 ID: d63c3d6f @ Sat Aug  8 04:45:43 UTC 2026
// 重构日志: 39ec8d40
// 重构日志: 3ad9e59d
// 重构日志: e5607457
